"            |                   "
"            A                   "
"            |                   "
" .---------------------."
" |                     |                   "
" A                     C                   "
" B                                         "
" C                                         "
""
" |                                         "
" A                                         "
" |                                         "
" .---------------------."
" |                     |                   "
" A                     C                   "
" B                                         "
" C                                         "
""
